[0m19:35:18.463328 [debug] [MainThread]: Sending event: {'category': 'dbt', 'action': 'invocation', 'label': 'start', 'context': [<snowplow_tracker.self_describing_json.SelfDescribingJson object at 0x000002766C7D3A10>, <snowplow_tracker.self_describing_json.SelfDescribingJson object at 0x000002766EDFBED0>, <snowplow_tracker.self_describing_json.SelfDescribingJson object at 0x000002766EDFB750>]}


============================== 19:35:18.468639 | 9b18d2f0-65d9-4087-809f-56474b7122e2 ==============================
[0m19:35:18.468639 [info ] [MainThread]: Running with dbt=1.12.0
[0m19:35:18.469358 [debug] [MainThread]: running dbt with arguments {'maximum_seed_size_mib': '1', 'no_print': 'None', 'version_check': 'True', 'warn_error_options': 'WarnErrorOptionsV2(error=[], warn=[], silence=[])', 'target_path': 'None', 'static_parser': 'True', 'printer_width': '80', 'write_json': 'True', 'introspect': 'True', 'log_cache_events': 'False', 'empty': 'None', 'cache_selected_only': 'False', 'fail_fast': 'False', 'debug': 'False', 'log_format': 'default', 'partial_parse': 'True', 'send_anonymous_usage_stats': 'True', 'quiet': 'False', 'warn_error': 'None', 'profiles_dir': 'C:\\Users\\ecuwa\\.dbt', 'indirect_selection': 'eager', 'hints_enabled': 'True', 'invocation_command': 'dbt init ecommerce_pipeline_dbt', 'use_experimental_parser': 'False', 'use_colors': 'True', 'log_path': 'logs'}
[0m19:35:18.510968 [info ] [MainThread]: Creating dbt configuration folder at C:\Users\ecuwa\.dbt
[0m19:35:18.513352 [debug] [MainThread]: Starter project path: C:\Users\ecuwa\anaconda3\Lib\site-packages\dbt\include\starter_project
[0m19:35:18.555356 [info ] [MainThread]: Setting up your profile.
[0m19:47:15.623380 [info ] [MainThread]: Profile ecommerce_pipeline_dbt written to C:\Users\ecuwa\.dbt\profiles.yml using target's profile_template.yml and your supplied values.
[0m19:47:15.634650 [info ] [MainThread]: Running dbt debug to validate the project...
[0m19:47:15.638423 [info ] [MainThread]: dbt version: 1.12.0
[0m19:47:15.639567 [info ] [MainThread]: python version: 3.13.9
[0m19:47:15.640951 [info ] [MainThread]: python path: C:\Users\ecuwa\anaconda3\python.exe
[0m19:47:15.642276 [info ] [MainThread]: os info: Windows-11-10.0.26200-SP0
[0m19:47:15.743656 [info ] [MainThread]: Using profiles dir at C:\Users\ecuwa\.dbt
[0m19:47:15.744477 [info ] [MainThread]: Using profiles.yml file at C:\Users\ecuwa\.dbt\profiles.yml
[0m19:47:15.745143 [info ] [MainThread]: Using dbt_project.yml file at C:\Users\ecuwa\Data Science SEU\ecommerce_pipeline\ecommerce_pipeline_dbt\dbt_project.yml
[0m19:47:15.746533 [info ] [MainThread]: adapter type: postgres
[0m19:47:15.746982 [info ] [MainThread]: adapter version: 1.11.0
[0m19:47:15.845158 [info ] [MainThread]: Configuration:
[0m19:47:15.845894 [info ] [MainThread]:   profiles.yml file [[32mOK found and valid[0m]
[0m19:47:15.846504 [info ] [MainThread]:   dbt_project.yml file [[32mOK found and valid[0m]
[0m19:47:15.847062 [info ] [MainThread]: Required dependencies:
[0m19:47:15.847773 [debug] [MainThread]: Executing "git --help"
[0m19:47:15.884825 [debug] [MainThread]: STDOUT: "b"usage: git [-v | --version] [-h | --help] [-C <path>] [-c <name>=<value>]\n           [--exec-path[=<path>]] [--html-path] [--man-path] [--info-path]\n           [-p | --paginate | -P | --no-pager] [--no-replace-objects] [--no-lazy-fetch]\n           [--no-optional-locks] [--no-advice] [--bare] [--git-dir=<path>]\n           [--work-tree=<path>] [--namespace=<name>] [--config-env=<name>=<envvar>]\n           <command> [<args>]\n\nThese are common Git commands used in various situations:\n\nstart a working area (see also: git help tutorial)\n   clone      Clone a repository into a new directory\n   init       Create an empty Git repository or reinitialize an existing one\n\nwork on the current change (see also: git help everyday)\n   add        Add file contents to the index\n   mv         Move or rename a file, a directory, or a symlink\n   restore    Restore working tree files\n   rm         Remove files from the working tree and from the index\n\nexamine the history and state (see also: git help revisions)\n   bisect     Use binary search to find the commit that introduced a bug\n   diff       Show changes between commits, commit and working tree, etc\n   grep       Print lines matching a pattern\n   log        Show commit logs\n   show       Show various types of objects\n   status     Show the working tree status\n\ngrow, mark and tweak your common history\n   backfill   Download missing objects in a partial clone\n   branch     List, create, or delete branches\n   commit     Record changes to the repository\n   history    EXPERIMENTAL: Rewrite history\n   merge      Join two or more development histories together\n   rebase     Reapply commits on top of another base tip\n   reset      Set `HEAD` or the index to a known state\n   switch     Switch branches\n   tag        Create, list, delete or verify tags\n\ncollaborate (see also: git help workflows)\n   fetch      Download objects and refs from another repository\n   pull       Fetch from and integrate with another repository or a local branch\n   push       Update remote refs along with associated objects\n\n'git help -a' and 'git help -g' list available subcommands and some\nconcept guides. See 'git help <command>' or 'git help <concept>'\nto read about a specific subcommand or concept.\nSee 'git help git' for an overview of the system.\n""
[0m19:47:15.885668 [debug] [MainThread]: STDERR: "b''"
[0m19:47:15.886073 [info ] [MainThread]:  - git [[32mOK found[0m]

[0m19:47:15.886534 [info ] [MainThread]: Connection:
[0m19:47:15.886910 [info ] [MainThread]:   host: localhost
[0m19:47:15.887186 [info ] [MainThread]:   port: 5432
[0m19:47:15.887440 [info ] [MainThread]:   user: postgres
[0m19:47:15.887727 [info ] [MainThread]:   database: postgres
[0m19:47:15.887978 [info ] [MainThread]:   schema: public
[0m19:47:15.888216 [info ] [MainThread]:   connect_timeout: 10
[0m19:47:15.888460 [info ] [MainThread]:   role: None
[0m19:47:15.888696 [info ] [MainThread]:   search_path: None
[0m19:47:15.888962 [info ] [MainThread]:   keepalives_idle: 0
[0m19:47:15.889213 [info ] [MainThread]:   sslmode: None
[0m19:47:15.889457 [info ] [MainThread]:   sslcert: None
[0m19:47:15.889690 [info ] [MainThread]:   sslkey: None
[0m19:47:15.889968 [info ] [MainThread]:   sslrootcert: None
[0m19:47:15.890200 [info ] [MainThread]:   application_name: dbt
[0m19:47:15.890431 [info ] [MainThread]:   autocommit: False
[0m19:47:15.890750 [info ] [MainThread]:   retries: 1
[0m19:47:15.891324 [info ] [MainThread]: Registered adapter: postgres=1.11.0
[0m19:47:16.085064 [debug] [MainThread]: Acquiring new postgres connection 'debug'
[0m19:47:16.589592 [debug] [MainThread]: Using postgres connection "debug"
[0m19:47:16.589987 [debug] [MainThread]: On debug: select 1 as id
[0m19:47:16.590224 [debug] [MainThread]: Opening a new connection, currently in state init
[0m19:47:16.653656 [debug] [MainThread]: SQL status: SELECT 1 in 0.063 seconds
[0m19:47:16.654585 [debug] [MainThread]: On debug: Close
[0m19:47:16.655033 [info ] [MainThread]:   Connection test: [[32mOK connection ok[0m]

[0m19:47:16.655483 [info ] [MainThread]: [32mAll checks passed![0m
[0m19:47:16.656144 [info ] [MainThread]: Your new dbt project "ecommerce_pipeline_dbt" was created!
Initialized new project in C:\Users\ecuwa\Data Science SEU\ecommerce_pipeline\ecommerce_pipeline_dbt\ecommerce_pipeline_dbt

For more information on how to configure the profiles.yml file,
please consult the dbt documentation here:

  https://docs.getdbt.com/docs/configure-your-profile

One more thing:

Need help? Don't hesitate to reach out to us via GitHub issues or on Slack:

  https://community.getdbt.com/

Happy modeling!

[0m19:47:16.657053 [debug] [MainThread]: Command `dbt init` succeeded at 19:47:16.656918 after 718.37 seconds
[0m19:47:16.657482 [debug] [MainThread]: Connection 'debug' was properly closed.
[0m19:47:16.657862 [debug] [MainThread]: Sending event: {'category': 'dbt', 'action': 'invocation', 'label': 'end', 'context': [<snowplow_tracker.self_describing_json.SelfDescribingJson object at 0x000002766F10CFC0>, <snowplow_tracker.self_describing_json.SelfDescribingJson object at 0x000002766ECBA7B0>, <snowplow_tracker.self_describing_json.SelfDescribingJson object at 0x000002766F04B130>]}
[0m19:47:16.658298 [debug] [MainThread]: Flushing usage events
[0m19:47:17.116090 [debug] [MainThread]: An error was encountered while trying to flush usage events
[0m19:47:36.806943 [debug] [MainThread]: Sending event: {'category': 'dbt', 'action': 'invocation', 'label': 'start', 'context': [<snowplow_tracker.self_describing_json.SelfDescribingJson object at 0x000001EF92DC3A10>, <snowplow_tracker.self_describing_json.SelfDescribingJson object at 0x000001EF9542FD90>, <snowplow_tracker.self_describing_json.SelfDescribingJson object at 0x000001EF9542FB10>]}


============================== 19:47:36.810876 | 72ac58f0-6995-41d6-96d4-e9f73dbfb097 ==============================
[0m19:47:36.810876 [info ] [MainThread]: Running with dbt=1.12.0
[0m19:47:36.811492 [debug] [MainThread]: running dbt with arguments {'version_check': 'True', 'no_print': 'None', 'static_parser': 'True', 'target_path': 'None', 'warn_error_options': 'WarnErrorOptionsV2(error=[], warn=[], silence=[])', 'maximum_seed_size_mib': '1', 'printer_width': '80', 'write_json': 'True', 'empty': 'False', 'log_cache_events': 'False', 'introspect': 'True', 'cache_selected_only': 'False', 'fail_fast': 'False', 'debug': 'False', 'log_format': 'default', 'partial_parse': 'True', 'send_anonymous_usage_stats': 'True', 'quiet': 'False', 'warn_error': 'None', 'profiles_dir': 'C:\\Users\\ecuwa\\.dbt', 'use_colors': 'True', 'hints_enabled': 'True', 'invocation_command': 'dbt run', 'use_experimental_parser': 'False', 'indirect_selection': 'eager', 'log_path': 'logs'}
[0m19:47:36.811909 [error] [MainThread]: [[31mERROR[0m]: Encountered an error:
Runtime Error
  No dbt_project.yml found at expected path C:\Users\ecuwa\Data Science SEU\ecommerce_pipeline\dbt_project.yml
  Verify that each entry within packages.yml (and their transitive dependencies) contains a file named dbt_project.yml
  
[0m19:47:36.812567 [debug] [MainThread]: Command `dbt run` failed at 19:47:36.812475 after 0.33 seconds
[0m19:47:36.812830 [debug] [MainThread]: Sending event: {'category': 'dbt', 'action': 'invocation', 'label': 'end', 'context': [<snowplow_tracker.self_describing_json.SelfDescribingJson object at 0x000001EF95480FC0>, <snowplow_tracker.self_describing_json.SelfDescribingJson object at 0x000001EF9540A8D0>, <snowplow_tracker.self_describing_json.SelfDescribingJson object at 0x000001EF95453DF0>]}
[0m19:47:36.813107 [debug] [MainThread]: Flushing usage events
[0m19:47:37.049048 [debug] [MainThread]: An error was encountered while trying to flush usage events
[0m23:15:04.341349 [debug] [MainThread]: Sending event: {'category': 'dbt', 'action': 'invocation', 'label': 'start', 'context': [<snowplow_tracker.self_describing_json.SelfDescribingJson object at 0x000001E8982B3A10>, <snowplow_tracker.self_describing_json.SelfDescribingJson object at 0x000001E89A927D90>, <snowplow_tracker.self_describing_json.SelfDescribingJson object at 0x000001E89A927B10>]}


============================== 23:15:04.350697 | f9339077-54c0-48ae-990c-6614d4d4dee4 ==============================
[0m23:15:04.350697 [info ] [MainThread]: Running with dbt=1.12.0
[0m23:15:04.351724 [debug] [MainThread]: running dbt with arguments {'static_parser': 'True', 'no_print': 'None', 'version_check': 'True', 'warn_error_options': 'WarnErrorOptionsV2(error=[], warn=[], silence=[])', 'maximum_seed_size_mib': '1', 'target_path': 'None', 'printer_width': '80', 'write_json': 'True', 'introspect': 'True', 'log_cache_events': 'False', 'empty': 'False', 'cache_selected_only': 'False', 'log_format': 'default', 'debug': 'False', 'fail_fast': 'False', 'profiles_dir': 'C:\\Users\\ecuwa\\.dbt', 'send_anonymous_usage_stats': 'True', 'quiet': 'False', 'warn_error': 'None', 'partial_parse': 'True', 'indirect_selection': 'eager', 'hints_enabled': 'True', 'invocation_command': 'dbt run', 'use_experimental_parser': 'False', 'use_colors': 'True', 'log_path': 'logs'}
[0m23:15:04.352606 [error] [MainThread]: [[31mERROR[0m]: Encountered an error:
Runtime Error
  No dbt_project.yml found at expected path C:\Users\ecuwa\Data Science SEU\ecommerce_pipeline\dbt_project.yml
  Verify that each entry within packages.yml (and their transitive dependencies) contains a file named dbt_project.yml
  
[0m23:15:04.353699 [debug] [MainThread]: Command `dbt run` failed at 23:15:04.353540 after 0.27 seconds
[0m23:15:04.354159 [debug] [MainThread]: Sending event: {'category': 'dbt', 'action': 'invocation', 'label': 'end', 'context': [<snowplow_tracker.self_describing_json.SelfDescribingJson object at 0x000001E89A970FC0>, <snowplow_tracker.self_describing_json.SelfDescribingJson object at 0x000001E89A8FA8D0>, <snowplow_tracker.self_describing_json.SelfDescribingJson object at 0x000001E89A943DF0>]}
[0m23:15:04.354626 [debug] [MainThread]: Flushing usage events
[0m23:15:04.843419 [debug] [MainThread]: An error was encountered while trying to flush usage events
[0m10:46:09.710148 [debug] [MainThread]: Sending event: {'category': 'dbt', 'action': 'invocation', 'label': 'start', 'context': [<snowplow_tracker.self_describing_json.SelfDescribingJson object at 0x000001B084CD7A10>, <snowplow_tracker.self_describing_json.SelfDescribingJson object at 0x000001B087347D90>, <snowplow_tracker.self_describing_json.SelfDescribingJson object at 0x000001B087347B10>]}


============================== 10:46:09.720293 | b1ede349-681a-447e-bceb-0aab7c3a888f ==============================
[0m10:46:09.720293 [info ] [MainThread]: Running with dbt=1.12.0
[0m10:46:09.721579 [debug] [MainThread]: running dbt with arguments {'static_parser': 'True', 'no_print': 'None', 'version_check': 'True', 'target_path': 'None', 'maximum_seed_size_mib': '1', 'warn_error_options': 'WarnErrorOptionsV2(error=[], warn=[], silence=[])', 'printer_width': '80', 'write_json': 'True', 'empty': 'False', 'log_cache_events': 'False', 'introspect': 'True', 'cache_selected_only': 'False', 'log_format': 'default', 'debug': 'False', 'fail_fast': 'False', 'partial_parse': 'True', 'send_anonymous_usage_stats': 'True', 'quiet': 'False', 'warn_error': 'None', 'profiles_dir': 'C:\\Users\\ecuwa\\.dbt', 'invocation_command': 'dbt run', 'hints_enabled': 'True', 'use_colors': 'True', 'use_experimental_parser': 'False', 'indirect_selection': 'eager', 'log_path': 'logs'}
[0m10:46:09.722307 [error] [MainThread]: [[31mERROR[0m]: Encountered an error:
Runtime Error
  No dbt_project.yml found at expected path C:\Users\ecuwa\Data Science SEU\ecommerce_pipeline\dbt_project.yml
  Verify that each entry within packages.yml (and their transitive dependencies) contains a file named dbt_project.yml
  
[0m10:46:09.723517 [debug] [MainThread]: Command `dbt run` failed at 10:46:09.723346 after 0.32 seconds
[0m10:46:09.724000 [debug] [MainThread]: Sending event: {'category': 'dbt', 'action': 'invocation', 'label': 'end', 'context': [<snowplow_tracker.self_describing_json.SelfDescribingJson object at 0x000001B087390FC0>, <snowplow_tracker.self_describing_json.SelfDescribingJson object at 0x000001B08731A8D0>, <snowplow_tracker.self_describing_json.SelfDescribingJson object at 0x000001B087363DF0>]}
[0m10:46:09.724508 [debug] [MainThread]: Flushing usage events
[0m10:46:10.038796 [debug] [MainThread]: An error was encountered while trying to flush usage events
